{
  "depth_output": {
    "data": [
      0,
      0,
      0,
      0,
      0,
      0,
      0,
      0,
      0,
      0,
      0,
      0,
      0,
      0,
      0,
      0
    ],
    "format": {
      "is_signed": false,
      "numeric_type": "bitnum",
      "width": 4
    }
  },
  "path_ids1": {
    "data": [
      1,
      0,
      0,
      0,
      0,
      0,
      0,
      0,
      0,
      0,
      0,
      0,
      0,
      0,
      0
    ],
    "format": {
      "is_signed": false,
      "numeric_type": "bitnum",
      "width": 4
    }
  },
  "path_ids10": {
    "data": [
      0,
      0,
      0,
      0,
      0,
      0,
      0,
      0,
      0,
      0,
      0,
      0,
      0,
      0,
      0
    ],
    "format": {
      "is_signed": false,
      "numeric_type": "bitnum",
      "width": 4
    }
  },
  "path_ids11": {
    "data": [
      1,
      0,
      0,
      0,
      0,
      0,
      0,
      0,
      0,
      0,
      0,
      0,
      0,
      0,
      0
    ],
    "format": {
      "is_signed": false,
      "numeric_type": "bitnum",
      "width": 4
    }
  },
  "path_ids12": {
    "data": [
      1,
      0,
      0,
      0,
      0,
      0,
      0,
      0,
      0,
      0,
      0,
      0,
      0,
      0,
      0
    ],
    "format": {
      "is_signed": false,
      "numeric_type": "bitnum",
      "width": 4
    }
  },
  "path_ids13": {
    "data": [
      0,
      0,
      0,
      0,
      0,
      0,
      0,
      0,
      0,
      0,
      0,
      0,
      0,
      0,
      0
    ],
    "format": {
      "is_signed": false,
      "numeric_type": "bitnum",
      "width": 4
    }
  },
  "path_ids14": {
    "data": [
      1,
      0,
      0,
      0,
      0,
      0,
      0,
      0,
      0,
      0,
      0,
      0,
      0,
      0,
      0
    ],
    "format": {
      "is_signed": false,
      "numeric_type": "bitnum",
      "width": 4
    }
  },
  "path_ids15": {
    "data": [
      1,
      0,
      0,
      0,
      0,
      0,
      0,
      0,
      0,
      0,
      0,
      0,
      0,
      0,
      0
    ],
    "format": {
      "is_signed": false,
      "numeric_type": "bitnum",
      "width": 4
    }
  },
  "path_ids16": {
    "data": [
      0,
      0,
      0,
      0,
      0,
      0,
      0,
      0,
      0,
      0,
      0,
      0,
      0,
      0,
      0
    ],
    "format": {
      "is_signed": false,
      "numeric_type": "bitnum",
      "width": 4
    }
  },
  "path_ids2": {
    "data": [
      0,
      0,
      0,
      0,
      0,
      0,
      0,
      0,
      0,
      0,
      0,
      0,
      0,
      0,
      0
    ],
    "format": {
      "is_signed": false,
      "numeric_type": "bitnum",
      "width": 4
    }
  },
  "path_ids3": {
    "data": [
      1,
      0,
      0,
      0,
      0,
      0,
      0,
      0,
      0,
      0,
      0,
      0,
      0,
      0,
      0
    ],
    "format": {
      "is_signed": false,
      "numeric_type": "bitnum",
      "width": 4
    }
  },
  "path_ids4": {
    "data": [
      0,
      0,
      0,
      0,
      0,
      0,
      0,
      0,
      0,
      0,
      0,
      0,
      0,
      0,
      0
    ],
    "format": {
      "is_signed": false,
      "numeric_type": "bitnum",
      "width": 4
    }
  },
  "path_ids5": {
    "data": [
      1,
      0,
      0,
      0,
      0,
      0,
      0,
      0,
      0,
      0,
      0,
      0,
      0,
      0,
      0
    ],
    "format": {
      "is_signed": false,
      "numeric_type": "bitnum",
      "width": 4
    }
  },
  "path_ids6": {
    "data": [
      1,
      0,
      0,
      0,
      0,
      0,
      0,
      0,
      0,
      0,
      0,
      0,
      0,
      0,
      0
    ],
    "format": {
      "is_signed": false,
      "numeric_type": "bitnum",
      "width": 4
    }
  },
  "path_ids7": {
    "data": [
      0,
      0,
      0,
      0,
      0,
      0,
      0,
      0,
      0,
      0,
      0,
      0,
      0,
      0,
      0
    ],
    "format": {
      "is_signed": false,
      "numeric_type": "bitnum",
      "width": 4
    }
  },
  "path_ids8": {
    "data": [
      1,
      0,
      0,
      0,
      0,
      0,
      0,
      0,
      0,
      0,
      0,
      0,
      0,
      0,
      0
    ],
    "format": {
      "is_signed": false,
      "numeric_type": "bitnum",
      "width": 4
    }
  },
  "path_ids9": {
    "data": [
      1,
      0,
      0,
      0,
      0,
      0,
      0,
      0,
      0,
      0,
      0,
      0,
      0,
      0,
      0
    ],
    "format": {
      "is_signed": false,
      "numeric_type": "bitnum",
      "width": 4
    }
  },
  "paths_to_consider1": {
    "data": [
      0,
      1,
      1,
      1,
      1,
      1,
      1,
      1,
      1,
      1,
      1,
      1,
      1,
      1,
      1,
      1
    ],
    "format": {
      "is_signed": false,
      "numeric_type": "bitnum",
      "width": 1
    }
  },
  "paths_to_consider10": {
    "data": [
      0,
      1,
      1,
      1,
      1,
      1,
      1,
      1,
      1,
      1,
      1,
      1,
      1,
      1,
      1,
      1
    ],
    "format": {
      "is_signed": false,
      "numeric_type": "bitnum",
      "width": 1
    }
  },
  "paths_to_consider11": {
    "data": [
      0,
      1,
      1,
      1,
      1,
      1,
      1,
      1,
      1,
      1,
      1,
      1,
      1,
      1,
      1,
      1
    ],
    "format": {
      "is_signed": false,
      "numeric_type": "bitnum",
      "width": 1
    }
  },
  "paths_to_consider12": {
    "data": [
      0,
      1,
      1,
      1,
      1,
      1,
      1,
      1,
      1,
      1,
      1,
      1,
      1,
      1,
      1,
      1
    ],
    "format": {
      "is_signed": false,
      "numeric_type": "bitnum",
      "width": 1
    }
  },
  "paths_to_consider13": {
    "data": [
      0,
      1,
      1,
      1,
      1,
      1,
      1,
      1,
      1,
      1,
      1,
      1,
      1,
      1,
      1,
      1
    ],
    "format": {
      "is_signed": false,
      "numeric_type": "bitnum",
      "width": 1
    }
  },
  "paths_to_consider14": {
    "data": [
      0,
      1,
      1,
      1,
      1,
      1,
      1,
      1,
      1,
      1,
      1,
      1,
      1,
      1,
      1,
      1
    ],
    "format": {
      "is_signed": false,
      "numeric_type": "bitnum",
      "width": 1
    }
  },
  "paths_to_consider15": {
    "data": [
      0,
      1,
      1,
      1,
      1,
      1,
      1,
      1,
      1,
      1,
      1,
      1,
      1,
      1,
      1,
      1
    ],
    "format": {
      "is_signed": false,
      "numeric_type": "bitnum",
      "width": 1
    }
  },
  "paths_to_consider16": {
    "data": [
      0,
      1,
      1,
      1,
      1,
      1,
      1,
      1,
      1,
      1,
      1,
      1,
      1,
      1,
      1,
      1
    ],
    "format": {
      "is_signed": false,
      "numeric_type": "bitnum",
      "width": 1
    }
  },
  "paths_to_consider2": {
    "data": [
      0,
      1,
      1,
      1,
      1,
      1,
      1,
      1,
      1,
      1,
      1,
      1,
      1,
      1,
      1,
      1
    ],
    "format": {
      "is_signed": false,
      "numeric_type": "bitnum",
      "width": 1
    }
  },
  "paths_to_consider3": {
    "data": [
      0,
      1,
      1,
      1,
      1,
      1,
      1,
      1,
      1,
      1,
      1,
      1,
      1,
      1,
      1,
      1
    ],
    "format": {
      "is_signed": false,
      "numeric_type": "bitnum",
      "width": 1
    }
  },
  "paths_to_consider4": {
    "data": [
      0,
      1,
      1,
      1,
      1,
      1,
      1,
      1,
      1,
      1,
      1,
      1,
      1,
      1,
      1,
      1
    ],
    "format": {
      "is_signed": false,
      "numeric_type": "bitnum",
      "width": 1
    }
  },
  "paths_to_consider5": {
    "data": [
      0,
      1,
      1,
      1,
      1,
      1,
      1,
      1,
      1,
      1,
      1,
      1,
      1,
      1,
      1,
      1
    ],
    "format": {
      "is_signed": false,
      "numeric_type": "bitnum",
      "width": 1
    }
  },
  "paths_to_consider6": {
    "data": [
      0,
      1,
      1,
      1,
      1,
      1,
      1,
      1,
      1,
      1,
      1,
      1,
      1,
      1,
      1,
      1
    ],
    "format": {
      "is_signed": false,
      "numeric_type": "bitnum",
      "width": 1
    }
  },
  "paths_to_consider7": {
    "data": [
      0,
      1,
      1,
      1,
      1,
      1,
      1,
      1,
      1,
      1,
      1,
      1,
      1,
      1,
      1,
      1
    ],
    "format": {
      "is_signed": false,
      "numeric_type": "bitnum",
      "width": 1
    }
  },
  "paths_to_consider8": {
    "data": [
      0,
      1,
      1,
      1,
      1,
      1,
      1,
      1,
      1,
      1,
      1,
      1,
      1,
      1,
      1,
      1
    ],
    "format": {
      "is_signed": false,
      "numeric_type": "bitnum",
      "width": 1
    }
  },
  "paths_to_consider9": {
    "data": [
      0,
      1,
      1,
      1,
      1,
      1,
      1,
      1,
      1,
      1,
      1,
      1,
      1,
      1,
      1,
      1
    ],
    "format": {
      "is_signed": false,
      "numeric_type": "bitnum",
      "width": 1
    }
  },
  "uniq_output": {
    "data": [
      0,
      0,
      0,
      0,
      0,
      0,
      0,
      0,
      0,
      0,
      0,
      0,
      0,
      0,
      0,
      0
    ],
    "format": {
      "is_signed": false,
      "numeric_type": "bitnum",
      "width": 4
    }
  }
}
