H	VN:Z:1.0
S	1	CA
S	2	AA
S	3	TA
S	4	AG
S	5	A
S	6	G
S	7	T
S	8	C
S	9	TT
S	10	G
S	11	A
S	12	G
S	13	AA
S	14	AT
S	15	TT
S	16	TC
S	17	TG
S	18	GA
S	19	GT
S	20	TC
S	21	TA
S	22	T
S	23	A
S	24	T
S	25	AT
S	26	AT
S	27	A
S	28	T
S	29	CC
S	30	AA
S	31	CT
S	32	CT
S	33	CT
S	34	G
P	x	1+,2+,3+,4+,6+,8+,9+,10+,12+,13+,14+,15+,16+,17+,18+,19+,20+,21+,22+,24+,25+,26+,28+,29+,30+,31+,32+,33+,34+	*
L	1	+	2	+	0M
L	2	+	3	+	0M
L	3	+	4	+	0M
L	4	+	5	+	0M
L	4	+	6	+	0M
L	5	+	7	+	0M
L	5	+	8	+	0M
L	6	+	7	+	0M
L	6	+	8	+	0M
L	7	+	9	+	0M
L	8	+	9	+	0M
L	9	+	10	+	0M
L	10	+	11	+	0M
L	10	+	12	+	0M
L	11	+	13	+	0M
L	12	+	13	+	0M
L	13	+	14	+	0M
L	14	+	15	+	0M
L	15	+	16	+	0M
L	16	+	17	+	0M
L	17	+	18	+	0M
L	18	+	19	+	0M
L	19	+	20	+	0M
L	20	+	21	+	0M
L	21	+	22	+	0M
L	22	+	23	+	0M
L	22	+	24	+	0M
L	23	+	25	+	0M
L	24	+	25	+	0M
L	25	+	26	+	0M
L	26	+	27	+	0M
L	26	+	28	+	0M
L	27	+	29	+	0M
L	28	+	29	+	0M
L	29	+	30	+	0M
L	30	+	31	+	0M
L	31	+	32	+	0M
L	32	+	33	+	0M
L	33	+	34	+	0M
