#node.id	node.degree
1	1
2	2
3	2
4	3
5	3
6	3
7	3
8	3
9	3
10	3
11	2
12	2
13	3
14	2
15	2
16	2
17	2
18	2
19	2
20	2
21	2
22	3
23	2
24	2
25	3
26	3
27	2
28	2
29	3
30	2
31	2
32	2
33	2
34	1
