H	VN:Z:1.0
S	1	AGG
S	2	A
S	3	A
S	4	TC
S	5	TCT
S	6	CAG
S	7	G
P	5	1+,2+,4+,5+,6+,7+	*
P	5-	1+,2+,4-,5+,6+,7+	*
L	1	+	2	+	0M
L	2	+	3	+	0M
L	2	+	4	+	0M
L	2	+	4	-	0M
L	3	+	5	+	0M
L	4	-	5	+	0M
L	4	+	5	+	0M
L	5	+	6	+	0M
L	6	+	7	+	0M
