H	VN:Z:1.0
S	1	CAA
S	2	ATA
S	3	AG
S	4	A
S	5	G
S	6	T
S	7	C
S	8	TTG
S	9	A
S	10	G
S	11	AAA
S	12	TTT
S	13	TCT
S	14	GGA
S	15	GTT
S	16	CTA
S	17	T
S	18	A
S	19	T
S	20	ATA
S	21	T
S	22	A
S	23	T
S	24	CCA
S	25	ACT
S	26	CTC
S	27	TG
P	x	1+,2+,3+,5+,7+,8+,10+,11+,12+,13+,14+,15+,16+,17+,19+,20+,21+,23+,24+,25+,26+,27+	*
L	1	+	2	+	0M
L	2	+	3	+	0M
L	3	+	4	+	0M
L	3	+	5	+	0M
L	4	+	6	+	0M
L	4	+	7	+	0M
L	5	+	6	+	0M
L	5	+	7	+	0M
L	6	+	8	+	0M
L	7	+	8	+	0M
L	8	+	9	+	0M
L	8	+	10	+	0M
L	9	+	11	+	0M
L	10	+	11	+	0M
L	11	+	12	+	0M
L	12	+	13	+	0M
L	13	+	14	+	0M
L	14	+	15	+	0M
L	15	+	16	+	0M
L	16	+	17	+	0M
L	17	+	18	+	0M
L	17	+	19	+	0M
L	18	+	20	+	0M
L	19	+	20	+	0M
L	20	+	21	+	0M
L	21	+	22	+	0M
L	21	+	23	+	0M
L	22	+	24	+	0M
L	23	+	24	+	0M
L	24	+	25	+	0M
L	25	+	26	+	0M
L	26	+	27	+	0M
