#node.id	depth	depth.uniq
1	1	1
2	2	2
3	1	1
4	1	1
5	2	2
6	4	3
7	1	1
8	2	2
9	2	2
10	1	1
