#node.id	depth	depth.uniq
1	1	1
2	0	0
3	1	1
4	0	0
5	1	1
6	1	1
7	0	0
8	1	1
9	1	1
10	0	0
11	1	1
12	1	1
13	0	0
14	1	1
15	1	1
