#node.id	depth	depth.uniq
1	1	1
2	2	1
3	1	1
4	1	1
5	1	1
